../Core/Src/main.c:159:9:Flash_ReadStatus	16	static
../Core/Src/main.c:172:6:Flash_WaitForWriteEnd	8	static
../Core/Src/main.c:179:6:Flash_WriteEnable	16	static
../Core/Src/main.c:190:6:Flash_ClearWriteProtect	16	static
../Core/Src/main.c:202:6:Flash_Erase4K	24	static
../Core/Src/main.c:220:9:Flash_ReadByte	24	static
../Core/Src/main.c:238:6:Flash_WriteByte	24	static
../Core/Src/main.c:258:6:Flash_ReadID	88	static
../Core/Src/main.c:274:6:UART_Print	16	static
../Core/Src/main.c:280:9:I2C_ReadByte	40	static
../Core/Src/main.c:288:6:I2C_WriteByte	32	static
../Core/Src/main.c:294:6:L3G4200D_Init	16	static
../Core/Src/main.c:323:6:L3G4200D_ReadGyro	48	static
../Core/Src/main.c:335:13:Gyro_Calibrate	40	static
../Core/Src/main.c:357:13:Log_Sample_ToFlash	24	static
../Core/Src/main.c:382:13:Send_AllData_FromFlash	360	static
../Core/Src/main.c:494:5:main	32	static
../Core/Src/main.c:641:6:SystemClock_Config	88	static
../Core/Src/main.c:689:13:MX_I2C1_Init	8	static
../Core/Src/main.c:723:13:MX_SPI2_Init	8	static
../Core/Src/main.c:761:13:MX_USART2_UART_Init	8	static
../Core/Src/main.c:792:13:MX_DMA_Init	16	static
../Core/Src/main.c:813:13:MX_GPIO_Init	48	static
../Core/Src/main.c:875:6:Error_Handler	4	static,ignoring_inline_asm
