../Core/Src/main.c:100:6:UART_Print	1
../Core/Src/main.c:112:9:Flash_ReadStatus	1
../Core/Src/main.c:131:6:Flash_WaitForWriteEnd	2
../Core/Src/main.c:140:6:Flash_WriteEnable	1
../Core/Src/main.c:159:6:Flash_ClearWriteProtect	1
../Core/Src/main.c:183:6:Flash_Erase4K	1
../Core/Src/main.c:215:9:Flash_ReadByte	1
../Core/Src/main.c:249:6:Flash_ReadID	1
../Core/Src/main.c:280:6:Test_WriteEnable_Status	1
../Core/Src/main.c:305:6:Flash_WriteBuffer	1
../Core/Src/main.c:329:6:Flash_WriteByte	1
../Core/Src/main.c:340:9:L3G4200D_ReadByte	1
../Core/Src/main.c:352:6:L3G4200D_WriteByte	1
../Core/Src/main.c:360:6:L3G4200D_Init	2
../Core/Src/main.c:396:6:L3G4200D_ReadGyro	1
../Core/Src/main.c:415:6:Perform_Bulk_Erase	2
../Core/Src/main.c:432:6:Retrieve_Data	11
../Core/Src/main.c:498:6:Run_Logging_Cycle	5
../Core/Src/main.c:564:5:main	7
../Core/Src/main.c:641:6:SystemClock_Config	3
../Core/Src/main.c:689:13:MX_I2C1_Init	2
../Core/Src/main.c:723:13:MX_SPI2_Init	2
../Core/Src/main.c:761:13:MX_USART2_UART_Init	2
../Core/Src/main.c:792:13:MX_DMA_Init	1
../Core/Src/main.c:813:13:MX_GPIO_Init	1
../Core/Src/main.c:875:6:Error_Handler	1
