../Core/Src/main.c:100:6:UART_Print	16	static
../Core/Src/main.c:112:9:Flash_ReadStatus	16	static
../Core/Src/main.c:131:6:Flash_WaitForWriteEnd	8	static
../Core/Src/main.c:140:6:Flash_WriteEnable	16	static
../Core/Src/main.c:159:6:Flash_ClearWriteProtect	16	static
../Core/Src/main.c:183:6:Flash_Erase4K	24	static
../Core/Src/main.c:215:9:Flash_ReadByte	24	static
../Core/Src/main.c:249:6:Flash_ReadID	88	static
../Core/Src/main.c:280:6:Test_WriteEnable_Status	80	static
../Core/Src/main.c:305:6:Flash_WriteBuffer	32	static
../Core/Src/main.c:329:6:Flash_WriteByte	16	static
../Core/Src/main.c:340:9:L3G4200D_ReadByte	40	static
../Core/Src/main.c:352:6:L3G4200D_WriteByte	32	static
../Core/Src/main.c:360:6:L3G4200D_Init	16	static
../Core/Src/main.c:396:6:L3G4200D_ReadGyro	48	static
../Core/Src/main.c:415:6:Perform_Bulk_Erase	16	static
../Core/Src/main.c:432:6:Retrieve_Data	112	static
../Core/Src/main.c:484:6:Run_Logging_Cycle	96	static
../Core/Src/main.c:550:5:main	16	static
../Core/Src/main.c:627:6:SystemClock_Config	88	static
../Core/Src/main.c:675:13:MX_I2C1_Init	8	static
../Core/Src/main.c:709:13:MX_SPI2_Init	8	static
../Core/Src/main.c:747:13:MX_USART2_UART_Init	8	static
../Core/Src/main.c:778:13:MX_DMA_Init	16	static
../Core/Src/main.c:799:13:MX_GPIO_Init	48	static
../Core/Src/main.c:861:6:Error_Handler	4	static,ignoring_inline_asm
